mode: atomic
liuxia/cache.go:20.2,23.1 3 53
liuxia/cache.go:24.2,26.1 3 53
liuxia/cache.go:29.2,31.1 4 121
liuxia/cache.go:32.2,33.49 4 121
liuxia/cache.go:34.3,35.1 1 14
liuxia/cache.go:36.2,36.25 1 107
liuxia/cache.go:40.2,42.1 3 130
liuxia/cache.go:43.2,46.1 3 130
liuxia/cache.go:50.2,53.1 3 2
liuxia/cache.go:56.2,59.1 3 58
liuxia/cache.go:62.2,64.1 3 53
liuxia/cache.go:65.2,65.21 3 53
liuxia/cache.go:66.3,68.34 3 0
liuxia/cache.go:69.4,69.33 1 0
liuxia/cache.go:70.5,71.1 1 0
liuxia/cache.go:73.3,73.16 1 0
liuxia/config.go:43.2,43.47 1 33
liuxia/config.go:44.3,45.1 1 16
liuxia/config.go:46.2,46.21 1 17
liuxia/config.go:50.2,50.47 1 46
liuxia/config.go:51.3,51.49 1 22
liuxia/config.go:52.4,53.1 1 21
liuxia/config.go:55.2,55.21 1 25
liuxia/config.go:59.2,60.20 2 41
liuxia/config.go:61.3,62.1 1 30
liuxia/config.go:63.2,65.26 3 11
liuxia/config.go:66.3,67.14 2 19
liuxia/config.go:68.4,69.1 1 16
liuxia/config.go:71.2,71.22 1 11
liuxia/config.go:72.3,73.1 1 1
liuxia/config.go:74.2,74.15 1 10
liuxia/config.go:78.2,79.16 2 8
liuxia/config.go:80.3,81.1 1 1
liuxia/config.go:83.2,84.1 3 7
liuxia/config.go:85.2,86.52 3 7
liuxia/config.go:87.3,87.47 1 4
liuxia/config.go:88.4,89.1 1 4
liuxia/config.go:92.2,118.1 2 7
liuxia/config.go:121.2,121.21 2 7
liuxia/config.go:122.3,122.29 1 1
liuxia/config.go:123.4,124.1 1 1
liuxia/config.go:127.2,127.17 1 6
liuxia/logger.go:25.2,28.1 1 21
liuxia/logger.go:32.2,33.29 2 4
liuxia/logger.go:34.3,35.1 1 1
liuxia/logger.go:36.2,36.27 1 4
liuxia/logger.go:37.3,38.1 1 6
liuxia/logger.go:39.2,43.1 1 4
liuxia/logger.go:47.2,47.19 1 17
liuxia/logger.go:48.3,49.1 1 1
liuxia/logger.go:51.2,56.1 2 17
liuxia/logger.go:58.2,58.45 2 17
liuxia/logger.go:59.3,60.1 1 3
liuxia/logger.go:62.2,67.1 3 14
liuxia/logger.go:69.2,70.35 3 14
liuxia/logger.go:74.2,75.1 1 1
liuxia/logger.go:78.2,79.1 1 1
liuxia/logger.go:82.2,83.1 1 2
liuxia/logger.go:86.2,87.1 1 1
liuxia/logger.go:90.2,91.1 1 1
liuxia/logger.go:94.2,95.1 1 1
liuxia/logger.go:98.2,99.1 1 1
liuxia/logger.go:102.2,103.1 1 1
liuxia/logger.go:106.2,107.1 1 1
liuxia/main.go:15.2,17.1 4 4
liuxia/main.go:18.2,19.16 4 4
liuxia/main.go:20.3,21.1 1 0
liuxia/main.go:23.2,25.16 3 4
liuxia/main.go:26.3,27.1 1 0
liuxia/main.go:28.2,30.1 3 4
liuxia/main.go:32.2,32.61 3 4
liuxia/main.go:33.3,34.1 1 0
liuxia/main.go:34.9,34.24 1 4
liuxia/main.go:35.3,36.1 1 0
liuxia/main.go:38.2,39.1 6 4
liuxia/main.go:40.2,44.1 6 4
liuxia/main.go:45.2,48.1 6 4
liuxia/main.go:49.2,49.19 6 4
liuxia/main.go:50.3,50.48 1 2
liuxia/main.go:51.4,52.16 2 4
liuxia/main.go:53.5,53.13 1 0
liuxia/main.go:55.4,58.37 4 4
liuxia/main.go:59.5,60.1 1 0
liuxia/main.go:61.4,61.18 1 4
liuxia/main.go:62.5,63.1 1 0
liuxia/main.go:67.2,67.19 1 4
liuxia/main.go:68.3,68.48 1 2
liuxia/main.go:69.4,70.16 2 6
liuxia/main.go:71.5,71.13 1 0
liuxia/main.go:73.4,76.37 4 6
liuxia/main.go:77.5,78.1 1 0
liuxia/main.go:79.4,79.18 1 6
liuxia/main.go:80.5,81.1 1 0
liuxia/main.go:85.2,92.1 2 4
liuxia/main.go:93.2,93.34 2 4
liuxia/main.go:94.3,95.1 1 0
liuxia/main.go:97.2,97.36 1 4
liuxia/main.go:98.3,98.45 1 1
liuxia/main.go:99.4,101.18 3 0
liuxia/main.go:102.5,103.1 1 0
liuxia/main.go:104.5,105.1 1 0
liuxia/main.go:107.3,107.17 1 1
liuxia/main.go:108.4,109.1 1 0
liuxia/main.go:110.4,111.1 1 1
liuxia/main.go:113.3,114.1 1 3
liuxia/main.go:116.2,118.1 8 4
liuxia/main.go:119.2,120.1 8 4
liuxia/main.go:121.2,125.62 8 4
liuxia/main.go:129.2,133.20 5 20
liuxia/main.go:134.3,135.1 1 20
liuxia/main.go:136.2,136.20 1 20
liuxia/main.go:137.3,138.1 1 16
liuxia/main.go:139.2,139.20 1 20
liuxia/main.go:140.3,141.1 1 4
liuxia/main.go:142.2,142.54 1 20
liuxia/notify.go:20.2,20.23 1 22
liuxia/notify.go:21.3,22.1 1 20
liuxia/notify.go:23.2,26.1 1 2
liuxia/notify.go:31.2,34.29 4 15
liuxia/notify.go:35.3,36.40 2 25
liuxia/notify.go:37.4,38.1 1 5
liuxia/notify.go:38.10,38.48 1 20
liuxia/notify.go:39.4,40.1 1 1
liuxia/notify.go:40.10,40.46 1 19
liuxia/notify.go:41.4,42.1 1 8
liuxia/notify.go:43.4,44.1 1 11
liuxia/notify.go:46.2,46.35 1 15
liuxia/notify.go:55.44,55.63 1 1
liuxia/notify.go:58.2,58.21 1 22
liuxia/notify.go:59.3,60.1 1 2
liuxia/notify.go:63.2,64.1 3 20
liuxia/notify.go:65.2,66.16 3 20
liuxia/notify.go:67.3,68.1 1 20
liuxia/notify.go:71.2,72.1 3 0
liuxia/notify.go:74.2,76.1 3 0
liuxia/notify.go:79.2,79.9 3 0
liuxia/notify.go:81.3,81.30 1 0
liuxia/notify.go:83.3,83.30 1 0
liuxia/notify.go:85.3,85.30 1 0
liuxia/notify.go:87.3,87.30 1 0
liuxia/notify.go:89.3,89.30 1 0
liuxia/notify.go:92.2,92.19 1 0
liuxia/notify.go:93.3,94.1 1 0
liuxia/notify.go:97.2,97.14 1 0
liuxia/notify.go:98.3,101.38 4 0
liuxia/notify.go:102.4,102.46 1 0
liuxia/notify.go:103.5,104.1 1 0
liuxia/notify.go:105.4,106.14 2 0
liuxia/notify.go:109.3,110.35 2 0
liuxia/notify.go:114.2,115.44 2 0
liuxia/notify.go:116.3,117.1 1 0
liuxia/notify.go:118.2,119.12 2 0
liuxia/notify.go:124.2,124.25 1 10
liuxia/notify.go:125.3,125.75 1 12
liuxia/notify.go:126.4,127.1 1 3
liuxia/notify.go:129.2,129.14 1 7
liuxia/notify.go:134.2,135.25 2 3
liuxia/notify.go:136.3,136.15 1 4
liuxia/notify.go:137.4,138.1 1 2
liuxia/notify.go:140.2,140.26 1 3
liuxia/notify.go:141.3,142.1 1 1
liuxia/notify.go:143.2,143.12 1 2
liuxia/notify.go:147.2,148.1 1 5
liuxia/predictor.go:50.2,52.1 2 20
liuxia/predictor.go:54.2,60.1 2 20
liuxia/predictor.go:64.2,74.1 10 7
liuxia/predictor.go:77.2,77.9 1 17
liuxia/predictor.go:79.3,79.11 1 1
liuxia/predictor.go:81.3,81.11 1 2
liuxia/predictor.go:83.3,83.11 1 2
liuxia/predictor.go:85.3,85.11 1 10
liuxia/predictor.go:87.3,87.11 1 2
liuxia/predictor.go:92.2,93.70 2 19
liuxia/predictor.go:94.3,96.1 2 2
liuxia/predictor.go:98.2,101.24 4 17
liuxia/predictor.go:102.3,103.1 1 2
liuxia/predictor.go:104.3,104.65 1 15
liuxia/predictor.go:105.4,106.1 1 15
liuxia/predictor.go:109.2,110.18 2 17
liuxia/predictor.go:111.3,112.1 1 2
liuxia/predictor.go:113.2,115.20 3 17
liuxia/predictor.go:116.3,116.61 1 15
liuxia/predictor.go:117.4,118.1 1 15
liuxia/predictor.go:121.2,123.26 3 17
liuxia/predictor.go:124.3,125.1 1 16
liuxia/predictor.go:126.2,126.26 1 17
liuxia/predictor.go:127.3,128.1 1 16
liuxia/predictor.go:130.2,130.32 1 17
liuxia/predictor.go:131.3,133.1 2 2
liuxia/predictor.go:135.2,136.23 2 15
liuxia/predictor.go:137.3,138.1 1 1
liuxia/predictor.go:138.9,138.31 1 14
liuxia/predictor.go:139.3,140.1 1 13
liuxia/predictor.go:141.3,142.1 1 1
liuxia/predictor.go:144.2,144.37 1 15
liuxia/predictor.go:145.3,146.1 1 14
liuxia/predictor.go:147.3,148.1 1 1
liuxia/predictor.go:150.2,156.1 1 15
liuxia/predictor.go:160.2,160.34 1 5
liuxia/predictor.go:161.3,163.1 1 4
liuxia/predictor.go:165.2,165.12 1 1
liuxia/predictor.go:169.2,170.16 2 14
liuxia/predictor.go:171.3,173.1 2 0
liuxia/predictor.go:175.2,176.16 2 14
liuxia/predictor.go:177.3,179.1 2 2
liuxia/predictor.go:180.2,181.1 2 12
liuxia/predictor.go:182.2,182.28 2 12
liuxia/predictor.go:183.3,185.1 2 1
liuxia/predictor.go:187.2,188.16 2 11
liuxia/predictor.go:189.3,191.1 2 0
liuxia/predictor.go:193.2,194.42 2 11
liuxia/predictor.go:198.2,200.16 3 3
liuxia/predictor.go:201.3,202.1 1 1
liuxia/predictor.go:203.2,204.1 3 3
liuxia/predictor.go:205.2,206.16 3 3
liuxia/predictor.go:207.3,208.1 1 1
liuxia/predictor.go:209.2,210.26 2 3
liuxia/predictor.go:211.3,212.1 1 2
liuxia/predictor.go:213.3,214.1 1 1
liuxia/predictor.go:215.2,215.22 1 3
liuxia/predictor.go:216.3,217.1 1 0
liuxia/predictor.go:219.2,220.22 2 3
liuxia/predictor.go:221.3,222.1 1 3
liuxia/predictor.go:224.2,224.30 1 3
liuxia/predictor.go:225.3,226.1 1 3
liuxia/predictor.go:230.2,232.16 3 5
liuxia/predictor.go:233.3,234.1 1 1
liuxia/predictor.go:236.2,236.31 1 5
liuxia/predictor.go:237.3,239.1 3 6
liuxia/predictor.go:240.3,240.16 3 6
liuxia/predictor.go:241.4,241.23 1 5
liuxia/predictor.go:242.5,244.1 2 0
liuxia/predictor.go:246.4,246.23 1 1
liuxia/predictor.go:247.5,249.1 2 0
liuxia/predictor.go:253.2,254.22 2 5
liuxia/predictor.go:255.3,256.1 1 6
liuxia/predictor.go:257.2,258.1 3 5
liuxia/predictor.go:259.2,260.51 3 5
liuxia/predictor.go:261.3,262.1 1 0
liuxia/predictor.go:264.2,266.16 3 5
liuxia/predictor.go:267.3,269.1 2 1
liuxia/predictor.go:271.2,272.1 2 5
liuxia/predictor.go:273.2,273.13 2 5
liuxia/predictor.go:274.3,275.25 2 5
liuxia/predictor.go:276.4,278.1 2 0
liuxia/predictor.go:279.3,279.81 1 5
liuxia/predictor.go:281.3,282.1 1 0
liuxia/predictor.go:294.2,294.28 1 8
liuxia/predictor.go:295.3,297.1 2 6
liuxia/predictor.go:299.2,299.34 1 2
liuxia/predictor.go:300.3,302.1 2 1
liuxia/predictor.go:304.2,306.15 3 1
liuxia/predictor.go:307.3,308.1 1 0
liuxia/predictor.go:310.2,310.80 1 1
liuxia/predictor.go:311.3,312.1 1 1
liuxia/predictor.go:316.2,318.1 4 8
liuxia/predictor.go:319.2,320.22 4 8
liuxia/predictor.go:321.3,322.1 1 9
liuxia/predictor.go:323.2,324.1 2 8
liuxia/predictor.go:325.2,325.28 2 8
liuxia/predictor.go:326.3,328.20 3 9
liuxia/predictor.go:329.4,329.12 1 1
liuxia/predictor.go:332.3,332.46 1 8
liuxia/predictor.go:333.4,342.1 1 8
liuxia/predictor.go:344.3,344.59 1 8
liuxia/predictor.go:345.4,345.32 1 0
liuxia/predictor.go:346.5,347.1 1 0
liuxia/predictor.go:348.5,349.1 1 0
liuxia/predictor.go:350.4,350.12 1 0
liuxia/predictor.go:353.3,354.52 2 8
liuxia/predictor.go:355.4,356.1 1 7
liuxia/predictor.go:358.3,364.5 1 8
liuxia/predictor.go:367.2,369.1 4 8
liuxia/predictor.go:370.2,371.28 4 8
liuxia/predictor.go:372.3,373.1 1 7
liuxia/predictor.go:374.2,375.1 2 8
liuxia/predictor.go:376.2,376.41 2 8
liuxia/predictor.go:377.3,377.18 1 7
liuxia/predictor.go:378.4,379.1 1 0
liuxia/predictor.go:380.3,381.1 2 7
liuxia/predictor.go:382.3,382.35 2 7
liuxia/predictor.go:383.4,384.23 2 7
liuxia/predictor.go:385.5,386.1 1 7
liuxia/predictor.go:388.3,389.1 2 7
liuxia/predictor.go:390.3,390.45 2 7
liuxia/predictor.go:391.4,392.79 2 8
liuxia/predictor.go:393.5,393.38 1 16
liuxia/predictor.go:394.6,395.1 1 16
liuxia/predictor.go:397.4,397.45 1 8
liuxia/predictor.go:401.2,401.44 1 8
liuxia/predictor.go:405.2,405.14 1 19
liuxia/predictor.go:406.3,407.1 1 17
liuxia/predictor.go:408.2,408.10 1 2
liuxia/predictor.go:412.2,413.1 1 11
liuxia/predictor.go:418.2,418.19 1 24
liuxia/predictor.go:419.3,420.1 1 2
liuxia/predictor.go:421.2,422.16 2 22
liuxia/predictor.go:423.3,424.1 1 2
liuxia/predictor.go:425.2,425.32 1 20
liuxia/store.go:33.2,34.16 2 45
liuxia/store.go:35.3,36.1 1 0
liuxia/store.go:38.2,52.1 2 45
liuxia/store.go:53.2,53.43 2 45
liuxia/store.go:54.3,55.1 1 1
liuxia/store.go:57.2,59.16 3 44
liuxia/store.go:60.3,61.1 1 0
liuxia/store.go:62.2,62.21 1 44
liuxia/store.go:63.3,63.104 1 0
liuxia/store.go:64.4,65.1 1 0
liuxia/store.go:68.2,74.1 2 44
liuxia/store.go:75.2,75.30 2 44
liuxia/store.go:76.3,76.41 1 220
liuxia/store.go:77.4,78.1 1 0
liuxia/store.go:81.2,81.62 1 44
liuxia/store.go:85.2,95.16 3 51
liuxia/store.go:96.3,97.1 1 51
liuxia/store.go:98.2,98.12 1 51
liuxia/store.go:102.2,105.1 3 19
liuxia/store.go:106.2,106.16 3 19
liuxia/store.go:107.3,109.1 2 13
liuxia/store.go:110.2,110.21 1 19
liuxia/store.go:111.3,113.1 2 10
liuxia/store.go:114.2,114.21 1 19
liuxia/store.go:115.3,117.1 2 10
liuxia/store.go:118.2,118.19 1 19
liuxia/store.go:119.3,121.1 2 10
liuxia/store.go:122.2,123.1 3 19
liuxia/store.go:124.2,125.16 3 19
liuxia/store.go:126.3,127.1 1 0
liuxia/store.go:128.2,129.1 3 19
liuxia/store.go:130.2,131.18 3 19
liuxia/store.go:132.3,134.64 2 16
liuxia/store.go:135.4,136.1 1 0
liuxia/store.go:137.3,137.31 1 16
liuxia/store.go:139.2,139.28 1 19
liuxia/store.go:143.2,144.16 2 4
liuxia/store.go:145.3,146.1 1 0
liuxia/store.go:148.2,150.1 4 4
liuxia/store.go:151.2,152.28 4 4
liuxia/store.go:153.3,154.23 2 2
liuxia/store.go:155.4,156.1 1 2
liuxia/store.go:157.3,158.19 2 2
liuxia/store.go:159.4,160.1 1 0
liuxia/store.go:161.3,161.109 1 2
liuxia/store.go:163.2,163.12 1 4
liuxia/store.go:167.2,168.16 2 4
liuxia/store.go:169.3,170.1 1 0
liuxia/store.go:171.2,173.28 3 4
liuxia/store.go:177.2,178.1 1 45
liuxia/store.go:206.2,207.1 4 7
liuxia/store.go:208.2,210.1 4 7
liuxia/store.go:211.2,211.16 4 7
liuxia/store.go:212.3,214.1 2 2
liuxia/store.go:215.2,215.21 1 7
liuxia/store.go:216.3,218.1 2 3
liuxia/store.go:219.2,219.21 1 7
liuxia/store.go:220.3,222.1 2 3
liuxia/store.go:223.2,223.19 1 7
liuxia/store.go:224.3,226.1 2 3
liuxia/store.go:228.2,228.85 1 7
liuxia/store.go:229.3,230.1 1 0
liuxia/store.go:232.2,236.1 3 7
liuxia/store.go:237.2,238.1 3 7
liuxia/store.go:239.2,239.16 3 7
liuxia/store.go:240.3,242.1 2 2
liuxia/store.go:243.2,243.21 1 7
liuxia/store.go:244.3,246.1 2 3
liuxia/store.go:247.2,247.21 1 7
liuxia/store.go:248.3,250.1 2 3
liuxia/store.go:251.2,251.19 1 7
liuxia/store.go:252.3,254.1 2 3
liuxia/store.go:255.2,256.1 3 7
liuxia/store.go:257.2,258.16 3 7
liuxia/store.go:259.3,260.1 1 0
liuxia/store.go:261.2,262.1 2 7
liuxia/store.go:263.2,263.18 2 7
liuxia/store.go:264.3,267.49 2 6
liuxia/store.go:268.4,269.1 1 0
liuxia/store.go:270.3,270.41 1 6
liuxia/store.go:273.2,275.1 3 7
liuxia/store.go:276.2,277.1 3 7
liuxia/store.go:278.2,278.16 3 7
liuxia/store.go:279.3,281.1 2 2
liuxia/store.go:282.2,282.21 1 7
liuxia/store.go:283.3,285.1 2 3
liuxia/store.go:286.2,286.21 1 7
liuxia/store.go:287.3,289.1 2 3
liuxia/store.go:290.2,290.19 1 7
liuxia/store.go:291.3,293.1 2 3
liuxia/store.go:294.2,295.1 3 7
liuxia/store.go:296.2,297.16 3 7
liuxia/store.go:298.3,299.1 1 0
liuxia/store.go:300.2,301.1 2 7
liuxia/store.go:302.2,302.19 2 7
liuxia/store.go:303.3,304.82 2 5
liuxia/store.go:305.4,306.1 1 0
liuxia/store.go:307.3,307.43 1 5
liuxia/store.go:310.2,310.19 1 7
liuxia/store.go:314.2,315.16 2 8
liuxia/store.go:316.3,317.1 1 0
liuxia/store.go:318.2,319.1 3 8
liuxia/store.go:320.2,321.18 3 8
liuxia/store.go:322.3,323.42 2 5
liuxia/store.go:324.4,325.1 1 0
liuxia/store.go:326.3,326.32 1 5
liuxia/store.go:328.2,328.27 1 8
liuxia/store.go:332.2,335.1 3 7
liuxia/store.go:338.2,343.16 3 2
liuxia/store.go:344.3,345.1 1 0
liuxia/store.go:346.2,346.30 1 2
liuxia/store.go:350.2,351.16 2 6
liuxia/store.go:352.3,353.1 1 0
liuxia/store.go:354.2,355.30 2 6
liuxia/store.go:366.2,368.1 3 5
liuxia/store.go:369.2,370.1 3 5
liuxia/store.go:371.2,371.21 3 5
liuxia/store.go:372.3,374.1 2 3
liuxia/store.go:375.2,375.21 1 5
liuxia/store.go:376.3,378.1 2 3
liuxia/store.go:379.2,379.19 1 5
liuxia/store.go:380.3,382.1 2 3
liuxia/store.go:384.2,385.1 3 5
liuxia/store.go:386.2,387.16 3 5
liuxia/store.go:388.3,389.1 1 0
liuxia/store.go:390.2,391.1 3 5
liuxia/store.go:392.2,393.18 3 5
liuxia/store.go:394.3,395.80 2 5
liuxia/store.go:396.4,397.1 1 0
liuxia/store.go:398.3,398.31 1 5
liuxia/store.go:400.2,400.28 1 5
liuxia/store.go:434.2,436.1 5 5
liuxia/store.go:437.2,440.1 5 5
liuxia/store.go:441.2,441.16 5 5
liuxia/store.go:442.3,444.1 2 4
liuxia/store.go:446.2,447.1 3 5
liuxia/store.go:448.2,449.16 3 5
liuxia/store.go:450.3,451.1 1 0
liuxia/store.go:452.2,453.1 3 5
liuxia/store.go:454.2,455.18 3 5
liuxia/store.go:456.3,458.64 2 0
liuxia/store.go:459.4,460.1 1 0
liuxia/store.go:461.3,461.31 1 0
liuxia/store.go:463.2,463.28 1 5
liuxia/store.go:467.2,468.1 4 7
liuxia/store.go:469.2,472.16 4 7
liuxia/store.go:473.3,475.1 2 3
liuxia/store.go:476.2,476.21 1 7
liuxia/store.go:477.3,479.1 2 3
liuxia/store.go:480.2,482.1 4 7
liuxia/store.go:483.2,484.16 4 7
liuxia/store.go:485.3,486.1 1 0
liuxia/store.go:487.2,488.18 2 7
liuxia/store.go:489.3,490.106 2 9
liuxia/store.go:491.4,492.1 1 0
liuxia/store.go:493.3,493.53 1 9
liuxia/store.go:495.2,495.35 1 7
liuxia/store.go:496.3,497.1 1 0
liuxia/store.go:499.2,502.16 3 7
liuxia/store.go:503.3,505.1 2 3
liuxia/store.go:506.2,506.21 1 7
liuxia/store.go:507.3,509.1 2 3
liuxia/store.go:510.2,511.1 3 7
liuxia/store.go:512.2,513.16 3 7
liuxia/store.go:514.3,515.1 1 0
liuxia/store.go:516.2,517.19 2 7
liuxia/store.go:518.3,519.82 2 8
liuxia/store.go:520.4,521.1 1 0
liuxia/store.go:522.3,522.49 1 8
liuxia/store.go:524.2,524.36 1 7
liuxia/store.go:525.3,526.1 1 0
liuxia/store.go:528.2,538.16 3 7
liuxia/store.go:539.3,541.1 2 3
liuxia/store.go:542.2,542.21 1 7
liuxia/store.go:543.3,545.1 2 3
liuxia/store.go:546.2,547.1 3 7
liuxia/store.go:548.2,549.16 3 7
liuxia/store.go:550.3,551.1 1 0
liuxia/store.go:552.2,553.19 2 7
liuxia/store.go:554.3,555.83 2 8
liuxia/store.go:556.4,557.1 1 0
liuxia/store.go:558.3,558.51 1 8
liuxia/store.go:560.2,560.36 1 7
liuxia/store.go:561.3,562.1 1 0
liuxia/store.go:564.2,564.22 1 7
liuxia/web.go:26.2,26.16 1 32
liuxia/web.go:27.3,28.1 1 1
liuxia/web.go:29.2,29.34 1 31
liuxia/web.go:30.3,31.1 1 7
liuxia/web.go:32.2,33.19 2 24
liuxia/web.go:37.2,38.1 1 24
liuxia/web.go:41.2,41.32 1 37
liuxia/web.go:42.3,44.1 2 5
liuxia/web.go:48.2,50.1 3 5
liuxia/web.go:51.2,51.67 3 5
liuxia/web.go:52.3,53.33 2 2
liuxia/web.go:54.4,55.1 1 0
liuxia/web.go:56.3,56.24 1 2
liuxia/web.go:57.4,59.1 2 1
liuxia/web.go:60.3,60.19 1 1
liuxia/web.go:63.2,64.1 2 5
liuxia/web.go:65.2,65.80 2 5
liuxia/web.go:66.3,67.33 2 1
liuxia/web.go:68.4,69.1 1 0
liuxia/web.go:70.3,89.7 2 1
liuxia/web.go:92.2,92.84 1 5
liuxia/web.go:93.3,94.33 2 1
liuxia/web.go:95.4,96.1 1 0
liuxia/web.go:98.3,99.68 2 1
liuxia/web.go:100.4,100.43 1 1
liuxia/web.go:101.5,102.10 2 1
liuxia/web.go:105.3,190.15 3 1
liuxia/web.go:193.2,193.79 1 5
liuxia/web.go:194.3,195.33 2 1
liuxia/web.go:196.4,197.1 1 0
liuxia/web.go:198.3,225.11 2 1
liuxia/web.go:228.2,228.75 1 5
liuxia/web.go:229.3,230.33 2 2
liuxia/web.go:231.4,232.1 1 1
liuxia/web.go:233.3,238.1 6 1
liuxia/web.go:239.3,239.36 6 1
liuxia/web.go:240.4,243.1 3 0
liuxia/web.go:244.3,244.49 1 1
liuxia/web.go:245.4,248.1 3 0
liuxia/web.go:250.3,251.44 2 1
liuxia/web.go:252.4,257.1 5 0
liuxia/web.go:258.3,259.1 3 1
liuxia/web.go:260.3,261.17 3 1
liuxia/web.go:262.4,266.1 4 0
liuxia/web.go:267.3,267.21 1 1
liuxia/web.go:268.4,269.1 1 1
liuxia/web.go:270.3,273.37 4 1
liuxia/web.go:276.2,276.77 1 5
liuxia/web.go:277.3,278.33 2 2
liuxia/web.go:279.4,280.1 1 0
liuxia/web.go:281.3,286.1 6 2
liuxia/web.go:287.3,287.36 6 2
liuxia/web.go:288.4,290.1 2 0
liuxia/web.go:291.3,291.49 1 2
liuxia/web.go:292.4,294.1 2 0
liuxia/web.go:296.3,296.22 1 2
liuxia/web.go:297.4,300.1 3 1
liuxia/web.go:301.4,304.1 3 1
liuxia/web.go:307.2,307.81 1 5
liuxia/web.go:308.3,309.33 2 1
liuxia/web.go:310.4,311.1 1 0
liuxia/web.go:312.3,317.1 6 1
liuxia/web.go:318.3,318.36 6 1
liuxia/web.go:319.4,322.1 3 0
liuxia/web.go:323.3,323.49 1 1
liuxia/web.go:324.4,327.1 3 0
liuxia/web.go:329.3,330.44 2 1
liuxia/web.go:331.4,336.1 5 0
liuxia/web.go:337.3,338.1 3 1
liuxia/web.go:339.3,340.17 3 1
liuxia/web.go:341.4,345.1 4 0
liuxia/web.go:346.3,349.35 4 1
liuxia/web.go:352.2,352.77 1 5
liuxia/web.go:353.3,354.33 2 1
liuxia/web.go:355.4,356.1 1 0
liuxia/web.go:357.3,359.44 3 1
liuxia/web.go:360.4,365.1 5 0
liuxia/web.go:366.3,367.1 3 1
liuxia/web.go:368.3,369.17 3 1
liuxia/web.go:370.4,374.1 4 0
liuxia/web.go:375.3,378.36 4 1
liuxia/web.go:381.2,381.77 1 5
liuxia/web.go:382.3,383.33 2 1
liuxia/web.go:384.4,385.1 1 0
liuxia/web.go:386.3,393.5 4 1
liuxia/web.go:396.2,396.86 1 5
liuxia/web.go:397.3,398.33 2 1
liuxia/web.go:399.4,400.1 1 0
liuxia/web.go:401.3,405.1 5 1
liuxia/web.go:406.3,406.36 5 1
liuxia/web.go:407.4,410.1 3 0
liuxia/web.go:411.3,411.49 1 1
liuxia/web.go:412.4,415.1 3 0
liuxia/web.go:417.3,418.44 2 1
liuxia/web.go:419.4,424.1 5 0
liuxia/web.go:425.3,426.1 3 1
liuxia/web.go:427.3,428.17 3 1
liuxia/web.go:429.4,433.1 4 0
liuxia/web.go:434.3,437.40 4 1
liuxia/web.go:440.2,440.76 1 5
liuxia/web.go:441.3,442.33 2 1
liuxia/web.go:443.4,444.1 1 0
liuxia/web.go:445.3,447.1 6 1
liuxia/web.go:448.3,450.1 6 1
liuxia/web.go:451.3,452.44 6 1
liuxia/web.go:453.4,458.1 5 0
liuxia/web.go:459.3,460.1 3 1
liuxia/web.go:461.3,462.17 3 1
liuxia/web.go:463.4,467.1 4 0
liuxia/web.go:468.3,468.21 1 1
liuxia/web.go:469.4,470.1 1 1
liuxia/web.go:471.3,479.1 5 1
liuxia/web.go:480.3,483.34 5 1
liuxia/web.go:486.2,486.79 1 5
liuxia/web.go:487.3,488.33 2 1
liuxia/web.go:489.4,490.1 1 0
liuxia/web.go:491.3,494.1 4 1
liuxia/web.go:495.3,495.36 4 1
liuxia/web.go:496.4,499.1 3 0
liuxia/web.go:501.3,502.44 2 1
liuxia/web.go:503.4,508.1 5 0
liuxia/web.go:509.3,510.1 3 1
liuxia/web.go:511.3,512.17 3 1
liuxia/web.go:513.4,517.1 4 0
liuxia/web.go:518.3,521.38 4 1
liuxia/web.go:524.2,524.74 1 5
liuxia/web.go:525.3,526.33 2 1
liuxia/web.go:527.4,528.1 1 0
liuxia/web.go:529.3,530.17 2 1
liuxia/web.go:531.4,533.1 2 0
liuxia/web.go:534.3,535.17 2 1
liuxia/web.go:536.4,538.1 2 0
liuxia/web.go:540.3,541.1 23 1
liuxia/web.go:542.3,546.1 23 1
liuxia/web.go:547.3,550.1 23 1
liuxia/web.go:551.3,554.1 23 1
liuxia/web.go:555.3,558.1 23 1
liuxia/web.go:559.3,562.1 23 1
liuxia/web.go:563.3,566.1 23 1
liuxia/web.go:567.3,569.57 23 1
liuxia/web.go:572.2,574.55 3 5
liuxia/web.go:575.3,576.1 1 0
liuxia/web.go:580.2,583.1 5 3
liuxia/web.go:584.2,585.16 5 3
liuxia/web.go:586.3,587.17 2 3
liuxia/web.go:588.4,590.1 2 1
liuxia/web.go:592.2,594.15 3 2
